// Jest Snapshot v1, https://goo.gl/fbAQLP

exports[`<AddToCart /> renders and marches snap shot 1`] = `
<button
  disabled={false}
  onClick={[Function]}
>
  Add
   to cart
</button>
`;
